
 RUN  v4.1.11 /Users/lloyd/Documents/GitHub/effect-virtual-fs/packages/core

stdout | test/FixtureOwnership.test.ts > fixture byte ownership > should capture independent byte views when fixture construction is executed again
[09:27:01.829] ERROR (#1): Error [AssertionError]: expected Uint8Array[ 0, 3, 2, 0 ] to deeply equal Uint8Array[ 3, 2 ]
    at Array.<anonymous> (/Users/lloyd/Documents/GitHub/effect-virtual-fs/packages/core/test/FixtureOwnership.test.ts:15:14) {
  actual: Uint8Array(4) [ 0, 3, 2, 0 ],
  expected: Uint8Array(2) [ 3, 2 ],
  showDiff: true,
  operator: 'strictEqual',
  [cause]: undefined
}

 ❯ test/FixtureOwnership.test.ts (1 test | 1 failed) 12ms
     × should capture independent byte views when fixture construction is executed again 11ms

 Test Files  1 failed (1)
      Tests  1 failed (1)
   Start at  09:27:01
   Duration  237ms (transform 68ms, setup 0ms, import 156ms, tests 12ms, environment 0ms)

$ vitest run test/FixtureOwnership.test.ts

⎯⎯⎯⎯⎯⎯⎯ Failed Tests 1 ⎯⎯⎯⎯⎯⎯⎯

 FAIL  test/FixtureOwnership.test.ts > fixture byte ownership > should capture independent byte views when fixture construction is executed again
AssertionError: expected Uint8Array[ 0, 3, 2, 0 ] to deeply equal Uint8Array[ 3, 2 ]

- Expected
+ Received

  Uint8Array [
+   0,
    3,
    2,
+   0,
  ]

 ❯ Array.<anonymous> test/FixtureOwnership.test.ts:15:14
     13|       const second = yield* (yield* construct).caller()
     14|       input.fill(0)
     15|       assert.deepStrictEqual(yield* first.readFile("/f"), new Uint8Arr…
       |              ^
     16|       assert.deepStrictEqual(yield* second.readFile("/f"), new Uint8Ar…
     17|       yield* first.writeFile("/f", new Uint8Array([9]), { access: "wri…
 ❯ Object.~effect/Effect/successCont ../../node_modules/effect/src/internal/effect.ts:1365:25
 ❯ Object.~effect/Effect/evaluate ../../node_modules/effect/src/internal/core.ts:514:30
 ❯ FiberImpl.runLoop ../../node_modules/effect/src/internal/effect.ts:655:39
 ❯ FiberImpl.evaluate ../../node_modules/effect/src/internal/effect.ts:607:22
 ❯ ../../node_modules/effect/src/internal/effect.ts:5422:8
 ❯ ../../node_modules/effect/src/internal/effect.ts:5500:18
 ❯ Module.<anonymous> ../../node_modules/effect/src/internal/effect.ts:5519:4

⎯⎯⎯⎯⎯⎯⎯⎯⎯⎯⎯⎯⎯⎯⎯⎯⎯⎯⎯⎯⎯⎯⎯⎯[1/1]⎯

error: script "test" exited with code 1
