
 RUN  v4.1.11 /Users/lloyd/Documents/GitHub/effect-virtual-fs/packages/core

stdout | test/WholeFile.test.ts > whole-file byte ownership > should capture independent bytes on each execution when a write effect is reused
[09:24:13.516] ERROR (#1): Error [AssertionError]: expected Uint8Array[ 4, 2 ] to deeply equal Uint8Array[ 3, 2 ]
    at Array.<anonymous> (/Users/lloyd/Documents/GitHub/effect-virtual-fs/packages/core/test/WholeFile.test.ts:14:14) {
  actual: Uint8Array(2) [ 4, 2 ],
  expected: Uint8Array(2) [ 3, 2 ],
  showDiff: true,
  operator: 'strictEqual',
  [cause]: undefined
}

 ❯ test/WholeFile.test.ts (1 test | 1 failed) 9ms
     × should capture independent bytes on each execution when a write effect is reused 9ms

 Test Files  1 failed (1)
      Tests  1 failed (1)
   Start at  09:24:13
   Duration  204ms (transform 40ms, setup 0ms, import 127ms, tests 9ms, environment 0ms)

$ vitest run test/WholeFile.test.ts

⎯⎯⎯⎯⎯⎯⎯ Failed Tests 1 ⎯⎯⎯⎯⎯⎯⎯

 FAIL  test/WholeFile.test.ts > whole-file byte ownership > should capture independent bytes on each execution when a write effect is reused
AssertionError: expected Uint8Array[ 4, 2 ] to deeply equal Uint8Array[ 3, 2 ]

- Expected
+ Received

  Uint8Array [
-   3,
+   4,
    2,
  ]

 ❯ Array.<anonymous> test/WholeFile.test.ts:14:14
     12|       yield* write
     13|       input[1] = 4
     14|       assert.deepStrictEqual(yield* fs.readFile("/f"), new Uint8Array(…
       |              ^
     15|       const handle = yield* fs.open("/f", { access: "write" })
     16|       yield* handle.pwrite(new Uint8Array([9]), 0n)
 ❯ Object.~effect/Effect/successCont ../../node_modules/effect/src/internal/effect.ts:1365:25
 ❯ Object.~effect/Effect/evaluate ../../node_modules/effect/src/internal/core.ts:514:30
 ❯ FiberImpl.runLoop ../../node_modules/effect/src/internal/effect.ts:655:39
 ❯ FiberImpl.evaluate ../../node_modules/effect/src/internal/effect.ts:607:22
 ❯ ../../node_modules/effect/src/internal/effect.ts:5422:8
 ❯ ../../node_modules/effect/src/internal/effect.ts:5500:18
 ❯ Module.<anonymous> ../../node_modules/effect/src/internal/effect.ts:5519:4

⎯⎯⎯⎯⎯⎯⎯⎯⎯⎯⎯⎯⎯⎯⎯⎯⎯⎯⎯⎯⎯⎯⎯⎯[1/1]⎯

error: script "test" exited with code 1
