exit_code=1

 RUN  v4.1.11 /Users/lloyd/Documents/GitHub/effect-virtual-fs

stdout | packages/core/test/Snapshot.test.ts > fixtures and snapshots > should preserve canonical payloads and bytes when files span encoding chunks
[08:27:42.517] ERROR (#1): Error [ImageError]: 
    at error (/Users/lloyd/Documents/GitHub/effect-virtual-fs/packages/core/src/internal/image.ts:73:3)
    at Module.<anonymous> (/Users/lloyd/Documents/GitHub/effect-virtual-fs/packages/core/src/internal/image.ts:107:55)
    at VirtualFileSystem.fromFixture (/Users/lloyd/Documents/GitHub/effect-virtual-fs/packages/core/test/Snapshot.test.ts:13:35)
    at VirtualFileSystem.fromFixture (definition) (/Users/lloyd/Documents/GitHub/effect-virtual-fs/packages/core/src/VirtualFileSystem.ts:1691:35) {
  code: 'InvalidEncoding',
  field: '1',
  _tag: 'ImageError',
  [cause]: undefined
}

 ❯ packages/core/test/Snapshot.test.ts (7 tests | 1 failed | 6 skipped) 10ms
     × should preserve canonical payloads and bytes when files span encoding chunks 9ms

 Test Files  1 failed (1)
      Tests  1 failed | 6 skipped (7)
   Start at  08:27:42
   Duration  202ms (transform 39ms, setup 0ms, import 124ms, tests 10ms, environment 0ms)


⎯⎯⎯⎯⎯⎯⎯ Failed Tests 1 ⎯⎯⎯⎯⎯⎯⎯

 FAIL  packages/core/test/Snapshot.test.ts > fixtures and snapshots > should preserve canonical payloads and bytes when files span encoding chunks
{
  code: 'InvalidEncoding',
  field: '1',
  _tag: 'ImageError',
  message: '',
  stack: 'ImageError: \n' +
    '    at error (/Users/lloyd/Documents/GitHub/effect-virtual-fs/packages/core/src/internal/image.ts:73:3)\n' +
    '    at Module.<anonymous> (/Users/lloyd/Documents/GitHub/effect-virtual-fs/packages/core/src/internal/image.ts:107:55)\n' +
    '    at Generator.next (<anonymous>)\n' +
    '    at Object.~effect/Effect/successCont (file:///Users/lloyd/Documents/GitHub/effect-virtual-fs/node_modules/effect/dist/internal/effect.js:928:26)\n' +
    '    at Object.~effect/Effect/evaluate (file:///Users/lloyd/Documents/GitHub/effect-virtual-fs/node_modules/effect/dist/internal/effect.js:940:23)\n' +
    '    at FiberImpl.runLoop (file:///Users/lloyd/Documents/GitHub/effect-virtual-fs/node_modules/effect/dist/internal/effect.js:462:107)\n' +
    '    at FiberImpl.evaluate (file:///Users/lloyd/Documents/GitHub/effect-virtual-fs/node_modules/effect/dist/internal/effect.js:422:23)\n' +
    '    at file:///Users/lloyd/Documents/GitHub/effect-virtual-fs/node_modules/effect/dist/internal/effect.js:2286:9\n' +
    '    at file:///Users/lloyd/Documents/GitHub/effect-virtual-fs/node_modules/effect/dist/internal/effect.js:2338:19\n' +
    '    at Module.<anonymous> (file:///Users/lloyd/Documents/GitHub/effect-virtual-fs/node_modules/effect/dist/internal/effect.js:2349:31)',
  name: 'ImageError',
  stacks: [
    {
      method: 'error',
      file: '/Users/lloyd/Documents/GitHub/effect-virtual-fs/packages/core/src/internal/image.ts',
      line: 73,
      column: 3
    },
    {
      method: 'Module.<anonymous>',
      file: '/Users/lloyd/Documents/GitHub/effect-virtual-fs/packages/core/src/internal/image.ts',
      line: 107,
      column: 55
    },
    {
      line: 1365,
      column: 25,
      file: '/Users/lloyd/Documents/GitHub/effect-virtual-fs/node_modules/effect/src/internal/effect.ts',
      method: 'Object.~effect/Effect/successCont'
    },
    {
      line: 1377,
      column: 23,
      file: '/Users/lloyd/Documents/GitHub/effect-virtual-fs/node_modules/effect/src/internal/effect.ts',
      method: 'Object.~effect/Effect/evaluate'
    },
    {
      line: 655,
      column: 39,
      file: '/Users/lloyd/Documents/GitHub/effect-virtual-fs/node_modules/effect/src/internal/effect.ts',
      method: 'FiberImpl.runLoop'
    },
    {
      line: 607,
      column: 22,
      file: '/Users/lloyd/Documents/GitHub/effect-virtual-fs/node_modules/effect/src/internal/effect.ts',
      method: 'FiberImpl.evaluate'
    },
    {
      line: 5422,
      column: 8,
      file: '/Users/lloyd/Documents/GitHub/effect-virtual-fs/node_modules/effect/src/internal/effect.ts',
      method: ''
    },
    {
      line: 5500,
      column: 18,
      file: '/Users/lloyd/Documents/GitHub/effect-virtual-fs/node_modules/effect/src/internal/effect.ts',
      method: ''
    },
    {
      line: 5519,
      column: 4,
      file: '/Users/lloyd/Documents/GitHub/effect-virtual-fs/node_modules/effect/src/internal/effect.ts',
      method: 'Module.<anonymous>'
    }
  ]
}
 ❯ error packages/core/src/internal/image.ts:73:3
     71| }
     72| const error = (code: ImageError["code"], field?: string) =>
     73|   new ImageError({ code, ...(field === undefined ? {} : { field }) })
       |   ^
     74| export const bytes = (value: string): Uint8Array => {
     75|   const result = Encoding.decodeBase64(value)
 ❯ Module.<anonymous> packages/core/src/internal/image.ts:107:55
 ❯ Object.~effect/Effect/successCont node_modules/effect/src/internal/effect.ts:1365:25
 ❯ Object.~effect/Effect/evaluate node_modules/effect/src/internal/effect.ts:1377:23
 ❯ FiberImpl.runLoop node_modules/effect/src/internal/effect.ts:655:39
 ❯ FiberImpl.evaluate node_modules/effect/src/internal/effect.ts:607:22
 ❯ node_modules/effect/src/internal/effect.ts:5422:8
 ❯ node_modules/effect/src/internal/effect.ts:5500:18
 ❯ Module.<anonymous> node_modules/effect/src/internal/effect.ts:5519:4

⎯⎯⎯⎯⎯⎯⎯⎯⎯⎯⎯⎯⎯⎯⎯⎯⎯⎯⎯⎯⎯⎯⎯⎯[1/1]⎯

