
 RUN  v4.1.11 /Users/lloyd/Documents/GitHub/effect-virtual-fs

stdout | packages/core/test/SnapshotDecoding.test.ts > snapshot decoding > should restore a large canonical payload when it fits the supplied budgets
[08:30:55.478] ERROR (#1): Error [RangeError]: Maximum call stack size exceeded
    at RegExp.test (<anonymous>)
    at /Users/lloyd/Documents/GitHub/effect-virtual-fs/packages/core/src/internal/image.ts:107:28
    at VirtualFileSystem.decodeSnapshot (/Users/lloyd/Documents/GitHub/effect-virtual-fs/packages/core/test/SnapshotDecoding.test.ts:22:35)
    at VirtualFileSystem.decodeSnapshot (definition) (/Users/lloyd/Documents/GitHub/effect-virtual-fs/packages/core/src/internal/image.ts:165:38) {
  [cause]: undefined
}

 ❯ packages/core/test/SnapshotDecoding.test.ts (2 tests | 1 failed) 47ms
     × should restore a large canonical payload when it fits the supplied budgets 44ms

⎯⎯⎯⎯⎯⎯⎯ Failed Tests 1 ⎯⎯⎯⎯⎯⎯⎯

 FAIL  packages/core/test/SnapshotDecoding.test.ts > snapshot decoding > should restore a large canonical payload when it fits the supplied budgets
RangeError: Maximum call stack size exceeded
 ❯ packages/core/src/internal/image.ts:107:28
    105|       : [record.kind === "file" ? record.data : record.target]
    106|     for (const value of values) {
    107|       if (!canonicalBase64.test(value)) return yield* error("InvalidEn…
       |                            ^
    108|       payload += decodedLength(value)
    109|       if (!Number.isSafeInteger(payload) || (limits !== undefined && p…
 ❯ Object.~effect/Effect/successCont node_modules/effect/src/internal/effect.ts:1365:25
 ❯ Object.~effect/Effect/evaluate node_modules/effect/src/internal/effect.ts:1377:23
 ❯ FiberImpl.runLoop node_modules/effect/src/internal/effect.ts:655:39
 ❯ FiberImpl.evaluate node_modules/effect/src/internal/effect.ts:607:22
 ❯ node_modules/effect/src/internal/effect.ts:5422:8
 ❯ node_modules/effect/src/internal/effect.ts:5500:18
 ❯ Module.<anonymous> node_modules/effect/src/internal/effect.ts:5519:4

⎯⎯⎯⎯⎯⎯⎯⎯⎯⎯⎯⎯⎯⎯⎯⎯⎯⎯⎯⎯⎯⎯⎯⎯[1/1]⎯


 Test Files  1 failed (1)
      Tests  1 failed | 1 passed (2)
   Start at  08:30:55
   Duration  234ms (transform 37ms, setup 0ms, import 117ms, tests 47ms, environment 0ms)

