$ turbo run type-check
• turbo 2.10.12

   • Packages in scope: @effect-vfs/core, @effect-vfs/memory, @repo/config-typescript, @repo/scratchpad
   • Running type-check in 4 packages
   • Remote caching disabled

@effect-vfs/memory:type-check: cache hit, replaying logs 7a5b2912e83b1485
@effect-vfs/memory:build: cache hit, replaying logs 1830f3aae3e3da86
@effect-vfs/memory:type-check: $ tsc --noEmit
@effect-vfs/core:type-check: cache miss, executing 2ca6b03bbe723e3d
@effect-vfs/memory:build: $ tsup && tsc --project tsconfig.build.json && tsc --project compatibility/node-next/tsconfig.json && bun build compatibility/browser/index.ts --target=browser --outdir=.cache/browser
@effect-vfs/memory:build: CLI Building entry: src/MemoryFileSystem.ts, src/index.ts
@effect-vfs/memory:build: CLI Using tsconfig: tsconfig.json
@effect-vfs/memory:build: CLI tsup v8.5.1
@effect-vfs/memory:build: CLI Using tsup config: /Users/lloyd/Documents/GitHub/effect-virtual-fs/packages/memory/tsup.config.ts
@effect-vfs/memory:build: CLI Target: es2022
@effect-vfs/memory:build: CLI Cleaning output folder
@effect-vfs/memory:build: ESM Build start
@effect-vfs/memory:build: ESM dist/index.js            125.00 B
@effect-vfs/memory:build: ESM dist/chunk-ILYMIGAW.js   73.50 KB
@effect-vfs/memory:build: ESM dist/MemoryFileSystem.js 83.00 B
@effect-vfs/memory:build: ESM ⚡️ Build success in 9ms
@effect-vfs/memory:build: Bundled 1 module in 13ms
@effect-vfs/memory:build: 
@effect-vfs/memory:build:   index.js  31 bytes  (entry point)
@effect-vfs/memory:build: 
@repo/scratchpad:type-check: cache hit, replaying logs 8ac25bbb45a7aec2
@repo/scratchpad:type-check: $ tsc --noEmit
@effect-vfs/core:type-check: $ tsc --noEmit

 Tasks:    4 successful, 4 total
Cached:    3 cached, 4 total
  Time:    215ms 

