$ turbo run build --force
• turbo 2.10.12

   • Packages in scope: @effect-vfs/core, @effect-vfs/memory, @repo/config-typescript, @repo/scratchpad, @repo/virtual-build
   • Running build in 5 packages
   • Remote caching disabled

@effect-vfs/core:build: cache bypass, force executing 869c2b1ae493ec64
@effect-vfs/core:build: $ tsc --project tsconfig.build.json
@effect-vfs/memory:build: cache bypass, force executing c926ca4dd27f4355
@repo/virtual-build:build: cache bypass, force executing 718466b4eb804201
@repo/virtual-build:build: $ tsc --noEmit
@effect-vfs/memory:build: $ tsup && tsc --project tsconfig.build.json && tsc --project compatibility/node-next/tsconfig.json && bun build compatibility/browser/index.ts --target=browser --outdir=.cache/browser && node compatibility/browser/check.mjs
@effect-vfs/memory:build: CLI Building entry: src/MemoryFileSystem.ts, src/index.ts
@effect-vfs/memory:build: CLI Using tsconfig: tsconfig.json
@effect-vfs/memory:build: CLI tsup v8.5.1
@effect-vfs/memory:build: CLI Using tsup config: /Users/lloyd/Documents/GitHub/effect-virtual-fs/packages/memory/tsup.config.ts
@effect-vfs/memory:build: CLI Target: es2022
@effect-vfs/memory:build: CLI Cleaning output folder
@effect-vfs/memory:build: ESM Build start
@effect-vfs/memory:build: ESM dist/index.js            125.00 B
@effect-vfs/memory:build: ESM dist/MemoryFileSystem.js 99.00 B
@effect-vfs/memory:build: ESM dist/chunk-YOOQMQAV.js   35.43 KB
@effect-vfs/memory:build: ESM ⚡️ Build success in 7ms
@effect-vfs/memory:build: Bundled 121 modules in 16ms
@effect-vfs/memory:build: 
@effect-vfs/memory:build:   index.js  0.44 MB  (entry point)
@effect-vfs/memory:build: 
@effect-vfs/memory:build: Browser-target bundle smoke passed under Node (not a browser runtime test).
@repo/scratchpad:build: cache bypass, force executing 5ca76df0894499c8
@repo/scratchpad:build: $ tsc --noEmit

 Tasks:    4 successful, 4 total
Cached:    0 cached, 4 total
  Time:    642ms 

 WARNING  no output files found for task @repo/scratchpad#build. Please check your `outputs` key in `turbo.json`
 WARNING  no output files found for task @repo/virtual-build#build. Please check your `outputs` key in `turbo.json`
