$ vitest run test/CoreBinding.test.ts

 RUN  v4.1.11 /Users/lloyd/Documents/GitHub/effect-virtual-fs/packages/memory

stdout | test/CoreBinding.test.ts > core-backed memory bindings > filters unrelated byte names before strict watch conversion
[01:12:33.305] ERROR (#21): Error [PlatformError]: InvalidData: FileSystem.watch (/watched): UnrepresentableName
    at systemError (file:///Users/lloyd/Documents/GitHub/effect-virtual-fs/node_modules/effect/dist/PlatformError.js:144:39)
    at translate (/Users/lloyd/Documents/GitHub/effect-virtual-fs/packages/memory/src/internal/memoryFileSystem.ts:20:10)
    at /Users/lloyd/Documents/GitHub/effect-virtual-fs/packages/memory/src/internal/memoryFileSystem.ts:22:146
    at file:///Users/lloyd/Documents/GitHub/effect-virtual-fs/node_modules/effect/dist/internal/effect.js:1380:96
    at ~effect/Utils/internal (file:///Users/lloyd/Documents/GitHub/effect-virtual-fs/node_modules/effect/dist/Utils.js:79:14) {
  reason: {
    module: 'FileSystem',
    method: 'watch',
    pathOrDescriptor: '/watched',
    _tag: 'InvalidData',
    description: 'UnrepresentableName'
  },
  _tag: 'PlatformError',
  '~effect/platform/PlatformError': '~effect/platform/PlatformError',
  [cause]: undefined
}

 ❯ test/CoreBinding.test.ts (5 tests | 1 failed) 15ms
     × filters unrelated byte names before strict watch conversion 3ms

⎯⎯⎯⎯⎯⎯⎯ Failed Tests 1 ⎯⎯⎯⎯⎯⎯⎯

 FAIL  test/CoreBinding.test.ts > core-backed memory bindings > filters unrelated byte names before strict watch conversion
PlatformError: InvalidData: FileSystem.watch (/watched): UnrepresentableName
 ❯ systemError ../../node_modules/effect/src/PlatformError.ts:203:21
 ❯ translate src/internal/memoryFileSystem.ts:20:10
     18|     InvalidPathEncoding: "InvalidData", UnrepresentableName: "InvalidD…
     19|   }
     20|   return systemError({ module: "FileSystem", method, pathOrDescriptor,…
       |          ^
     21| }
     22| const mapped = <A, R>(effect: Effect.Effect<A, Vfs.FsError, R>, method…
 ❯ src/internal/memoryFileSystem.ts:22:146
 ❯ ../../node_modules/effect/src/internal/effect.ts:3267:72
 ❯ ~effect/Utils/internal ../../node_modules/effect/src/Utils.ts:208:13
 ❯ Object.~effect/Effect/args ../../node_modules/effect/src/internal/effect.ts:1021:94
 ❯ Object.~effect/Effect/evaluate ../../node_modules/effect/src/internal/effect.ts:944:21
 ❯ FiberImpl.runLoop ../../node_modules/effect/src/internal/effect.ts:655:39
 ❯ FiberImpl.evaluate ../../node_modules/effect/src/internal/effect.ts:607:22
 ❯ Array.<anonymous> ../../node_modules/effect/src/internal/effect.ts:1121:14

⎯⎯⎯⎯⎯⎯⎯⎯⎯⎯⎯⎯⎯⎯⎯⎯⎯⎯⎯⎯⎯⎯⎯⎯[1/1]⎯


 Test Files  1 failed (1)
      Tests  1 failed | 4 passed (5)
   Start at  01:12:33
   Duration  203ms (transform 43ms, setup 0ms, import 127ms, tests 15ms, environment 0ms)

error: script "test" exited with code 1
