$ vitest run test/CoreBinding.test.ts

 RUN  v4.1.11 /Users/lloyd/Documents/GitHub/effect-virtual-fs/packages/memory

stdout | test/CoreBinding.test.ts > core-backed memory bindings > preserves copied hard-link topology and directory timestamps
[01:13:53.919] ERROR (#28): Error [AssertionError]: expected { _id: 'Option', _tag: 'Some', …(1) } to deeply equal { _id: 'Option', _tag: 'Some', …(1) }
    at Array.<anonymous> (/Users/lloyd/Documents/GitHub/effect-virtual-fs/packages/memory/test/CoreBinding.test.ts:84:14) {
  actual: { _id: 'Option', _tag: 'Some', value: 8 },
  expected: { _id: 'Option', _tag: 'Some', value: 9 },
  showDiff: true,
  operator: 'deepStrictEqual',
  [cause]: undefined
}

 ❯ test/CoreBinding.test.ts (6 tests | 1 failed) 20ms
     × preserves copied hard-link topology and directory timestamps 7ms

⎯⎯⎯⎯⎯⎯⎯ Failed Tests 1 ⎯⎯⎯⎯⎯⎯⎯

 FAIL  test/CoreBinding.test.ts > core-backed memory bindings > preserves copied hard-link topology and directory timestamps
AssertionError: expected { _id: 'Option', _tag: 'Some', …(1) } to deeply equal { _id: 'Option', _tag: 'Some', …(1) }

- Expected
+ Received

  {
    "_id": "Option",
    "_tag": "Some",
-   "value": 9,
+   "value": 8,
  }

 ❯ Array.<anonymous> test/CoreBinding.test.ts:84:14
     82|       yield* fs.utimes("/source/nested", 100, 200)
     83|       yield* fs.copy("/source", "/copy", { preserveTimestamps: true })
     84|       assert.deepStrictEqual((yield* fs.stat("/copy/nested/a")).ino, (…
       |              ^
     85|       assert.strictEqual(Option.getOrThrow((yield* fs.stat("/copy/nest…
     86|     }))
 ❯ Object.~effect/Effect/successCont ../../node_modules/effect/src/internal/effect.ts:1365:25
 ❯ Object.~effect/Effect/evaluate ../../node_modules/effect/src/internal/core.ts:514:30
 ❯ FiberImpl.runLoop ../../node_modules/effect/src/internal/effect.ts:655:39
 ❯ FiberImpl.evaluate ../../node_modules/effect/src/internal/effect.ts:607:22
 ❯ ../../node_modules/effect/src/internal/effect.ts:5422:8
 ❯ ../../node_modules/effect/src/internal/effect.ts:5500:18
 ❯ Module.<anonymous> ../../node_modules/effect/src/internal/effect.ts:5519:4

⎯⎯⎯⎯⎯⎯⎯⎯⎯⎯⎯⎯⎯⎯⎯⎯⎯⎯⎯⎯⎯⎯⎯⎯[1/1]⎯


 Test Files  1 failed (1)
      Tests  1 failed | 5 passed (6)
   Start at  01:13:53
   Duration  202ms (transform 43ms, setup 0ms, import 121ms, tests 20ms, environment 0ms)

error: script "test" exited with code 1
