$ vitest run test/Links.test.ts test/File.test.ts

 RUN  v4.1.11 /Users/lloyd/Documents/GitHub/effect-virtual-fs/packages/core

stdout | test/Links.test.ts > links and byte namespace > stores raw symlink targets and validates path limits only when traversing
[01:17:07.083] ERROR (#25): [Error: {"kind":"directory","ino":"4n","uid":0,"gid":0,"mode":493,"nlink":2,"size":"0n","atimeNs":"0n","mtimeNs":"0n","ctimeNs":"0n","birthtimeNs":"0n"}] {
  kind: 'directory',
  ino: 4n,
  uid: 0,
  gid: 0,
  mode: 493,
  nlink: 2,
  size: 0n,
  atimeNs: 0n,
  mtimeNs: 0n,
  ctimeNs: 0n,
  birthtimeNs: 0n,
  [cause]: undefined
}

 ❯ test/Links.test.ts (6 tests | 1 failed) 13ms
     × stores raw symlink targets and validates path limits only when traversing 2ms
stdout | test/File.test.ts > regular files > preserves offsets across truncate and positional I/O and fills gaps with zero
[01:17:07.080] ERROR (#7): [Error: {}] { [cause]: undefined }

 ❯ test/File.test.ts (7 tests | 1 failed) 13ms
     × preserves offsets across truncate and positional I/O and fills gaps with zero 2ms

⎯⎯⎯⎯⎯⎯⎯ Failed Tests 2 ⎯⎯⎯⎯⎯⎯⎯

 FAIL  test/File.test.ts > regular files > preserves offsets across truncate and positional I/O and fills gaps with zero
Unknown Error: <Uint8Array(0) ...>
⎯⎯⎯⎯⎯⎯⎯⎯⎯⎯⎯⎯⎯⎯⎯⎯⎯⎯⎯⎯⎯⎯⎯⎯[1/2]⎯

 FAIL  test/Links.test.ts > links and byte namespace > stores raw symlink targets and validates path limits only when traversing
{
  kind: 'directory',
  ino: 4n,
  uid: 0,
  gid: 0,
  mode: 493,
  nlink: 2,
  size: 0n,
  atimeNs: 0n,
  mtimeNs: 0n,
  ctimeNs: 0n,
  birthtimeNs: 0n,
  stacks: []
}
⎯⎯⎯⎯⎯⎯⎯⎯⎯⎯⎯⎯⎯⎯⎯⎯⎯⎯⎯⎯⎯⎯⎯⎯[2/2]⎯


 Test Files  2 failed (2)
      Tests  2 failed | 11 passed (13)
   Start at  01:17:06
   Duration  193ms (transform 70ms, setup 0ms, import 249ms, tests 26ms, environment 0ms)

error: script "test" exited with code 1
