$ vitest run

 RUN  v4.1.11 /Users/lloyd/Documents/GitHub/effect-virtual-fs/packages/memory

stdout | test/MemoryFileSystem.test.ts > FileSystem (memory) > path operations > should keep recursive directory creation idempotent when the path is a directory
[01:10:10.061] ERROR (#16): Error [AssertionError]: expected 'BadResource' to equal 'AlreadyExists'
    at assertSystemError (/Users/lloyd/Documents/GitHub/effect-virtual-fs/packages/memory/test/FileSystemTest.ts:78:12)
    at Array.<anonymous> (/Users/lloyd/Documents/GitHub/effect-virtual-fs/packages/memory/test/FileSystemTest.ts:195:11) {
  actual: 'BadResource',
  expected: 'AlreadyExists',
  showDiff: true,
  operator: 'strictEqual',
  [cause]: undefined
}

stdout | test/MemoryFileSystem.test.ts > FileSystem (memory) > path operations > should rename directories addressed with trailing separators
[01:10:10.066] ERROR (#20): Error [PlatformError]: NotFound: FileSystem.rename (/tmp/effect-filesystem-test-0000000b/source/): NotFound
    at systemError (file:///Users/lloyd/Documents/GitHub/effect-virtual-fs/node_modules/effect/dist/PlatformError.js:144:39)
    at translate (/Users/lloyd/Documents/GitHub/effect-virtual-fs/packages/memory/src/internal/memoryFileSystem.ts:19:10)
    at /Users/lloyd/Documents/GitHub/effect-virtual-fs/packages/memory/src/internal/memoryFileSystem.ts:21:146
    at file:///Users/lloyd/Documents/GitHub/effect-virtual-fs/node_modules/effect/dist/internal/effect.js:1380:96
    at ~effect/Utils/internal (file:///Users/lloyd/Documents/GitHub/effect-virtual-fs/node_modules/effect/dist/Utils.js:79:14) {
  reason: {
    module: 'FileSystem',
    method: 'rename',
    pathOrDescriptor: '/tmp/effect-filesystem-test-0000000b/source/',
    _tag: 'NotFound',
    description: 'NotFound'
  },
  _tag: 'PlatformError',
  '~effect/platform/PlatformError': '~effect/platform/PlatformError',
  [cause]: undefined
}

stdout | test/MemoryFileSystem.test.ts > FileSystem (memory) > file handles and open modes > should apply open flags consistently when high-level writes target existing and missing paths
[01:10:10.085] ERROR (#53): Error [AssertionError]: expected 'BadResource' to equal 'NotFound'
    at assertSystemError (/Users/lloyd/Documents/GitHub/effect-virtual-fs/packages/memory/test/FileSystemTest.ts:78:12)
    at Array.<anonymous> (/Users/lloyd/Documents/GitHub/effect-virtual-fs/packages/memory/test/FileSystemTest.ts:728:17) {
  actual: 'BadResource',
  expected: 'NotFound',
  showDiff: true,
  operator: 'strictEqual',
  [cause]: undefined
}

stdout | test/MemoryFileSystem.test.ts > FileSystem (memory) > adapter capabilities > should preserve error context when watching a missing path
[01:10:10.098] ERROR (#80): Error [AssertionError]: expected 'watch' to equal 'stat'
    at assertSystemError (/Users/lloyd/Documents/GitHub/effect-virtual-fs/packages/memory/test/FileSystemTest.ts:72:12)
    at Array.<anonymous> (/Users/lloyd/Documents/GitHub/effect-virtual-fs/packages/memory/test/FileSystemTest.ts:1240:11) {
  actual: 'watch',
  expected: 'stat',
  showDiff: true,
  operator: 'strictEqual',
  [cause]: undefined
}

stdout | test/MemoryFileSystem.test.ts > FileSystem (memory-specific) > should publish directory creation when recursive mkdir ends in .
[01:10:10.742] ERROR (#111): Error [AssertionError]: expected [ { _tag: 'Create', …(1) } ] to deeply equal [ { _tag: 'Create', path: '/new' } ]
    at Array.<anonymous> (/Users/lloyd/Documents/GitHub/effect-virtual-fs/packages/memory/test/MemoryFileSystem.test.ts:287:16) {
  actual: [ { _tag: 'Create', path: '/sentinel' } ],
  expected: [ { _tag: 'Create', path: '/new' } ],
  showDiff: true,
  operator: 'deepStrictEqual',
  [cause]: undefined
}

stdout | test/MemoryFileSystem.test.ts > FileSystem (memory-specific) > should publish directory creation when recursive mkdir ends in ..
[01:10:10.744] ERROR (#113): Error [AssertionError]: expected [ { _tag: 'Create', …(1) } ] to deeply equal [ { _tag: 'Create', path: '/new' } ]
    at Array.<anonymous> (/Users/lloyd/Documents/GitHub/effect-virtual-fs/packages/memory/test/MemoryFileSystem.test.ts:287:16) {
  actual: [ { _tag: 'Create', path: '/sentinel' } ],
  expected: [ { _tag: 'Create', path: '/new' } ],
  showDiff: true,
  operator: 'deepStrictEqual',
  [cause]: undefined
}

 ❯ test/MemoryFileSystem.test.ts (89 tests | 7 failed) 5707ms
       × should keep recursive directory creation idempotent when the path is a directory 6ms
       × should rename directories addressed with trailing separators 1ms
       × should apply open flags consistently when high-level writes target existing and missing paths 1ms
       × should preserve error context when watching a missing path 1ms
     × should publish directory creation when recursive mkdir ends in . 3ms
     × should publish directory creation when recursive mkdir ends in .. 1ms
     × should publish committed normalized events for memory mutations 5005ms

⎯⎯⎯⎯⎯⎯⎯ Failed Tests 7 ⎯⎯⎯⎯⎯⎯⎯

 FAIL  test/MemoryFileSystem.test.ts > FileSystem (memory) > path operations > should keep recursive directory creation idempotent when the path is a directory
AssertionError: expected 'BadResource' to equal 'AlreadyExists'

Expected: "AlreadyExists"
Received: "BadResource"

 ❯ assertSystemError test/FileSystemTest.ts:78:12
     76|   }
     77|   if (expected.tag !== undefined) {
     78|     assert.strictEqual(error.reason._tag, expected.tag)
       |            ^
     79|   }
     80|   return error.reason
 ❯ Array.<anonymous> test/FileSystemTest.ts:195:11
 ❯ Object.~effect/Effect/successCont ../../node_modules/effect/src/internal/effect.ts:1365:25
 ❯ Object.~effect/Effect/evaluate ../../node_modules/effect/src/internal/core.ts:514:30
 ❯ FiberImpl.runLoop ../../node_modules/effect/src/internal/effect.ts:655:39
 ❯ FiberImpl.evaluate ../../node_modules/effect/src/internal/effect.ts:607:22
 ❯ ../../node_modules/effect/src/internal/effect.ts:5422:8
 ❯ ../../node_modules/effect/src/internal/effect.ts:5500:18
 ❯ Module.<anonymous> ../../node_modules/effect/src/internal/effect.ts:5519:4

⎯⎯⎯⎯⎯⎯⎯⎯⎯⎯⎯⎯⎯⎯⎯⎯⎯⎯⎯⎯⎯⎯⎯⎯[1/7]⎯

 FAIL  test/MemoryFileSystem.test.ts > FileSystem (memory) > path operations > should rename directories addressed with trailing separators
PlatformError: NotFound: FileSystem.rename (/tmp/effect-filesystem-test-0000000b/source/): NotFound
 ❯ systemError ../../node_modules/effect/src/PlatformError.ts:203:21
 ❯ translate src/internal/memoryFileSystem.ts:19:10
     17|     InvalidPathEncoding: "InvalidData", UnrepresentableName: "InvalidD…
     18|   }
     19|   return systemError({ module: "FileSystem", method, pathOrDescriptor,…
       |          ^
     20| }
     21| const mapped = <A, R>(effect: Effect.Effect<A, Vfs.FsError, R>, method…
 ❯ src/internal/memoryFileSystem.ts:21:146
 ❯ ../../node_modules/effect/src/internal/effect.ts:3267:72
 ❯ ~effect/Utils/internal ../../node_modules/effect/src/Utils.ts:208:13
 ❯ Object.~effect/Effect/args ../../node_modules/effect/src/internal/effect.ts:1021:94
 ❯ Object.~effect/Effect/evaluate ../../node_modules/effect/src/internal/effect.ts:944:21
 ❯ FiberImpl.runLoop ../../node_modules/effect/src/internal/effect.ts:655:39
 ❯ FiberImpl.evaluate ../../node_modules/effect/src/internal/effect.ts:607:22
 ❯ ../../node_modules/effect/src/internal/effect.ts:5422:8

⎯⎯⎯⎯⎯⎯⎯⎯⎯⎯⎯⎯⎯⎯⎯⎯⎯⎯⎯⎯⎯⎯⎯⎯[2/7]⎯

 FAIL  test/MemoryFileSystem.test.ts > FileSystem (memory) > file handles and open modes > should apply open flags consistently when high-level writes target existing and missing paths
AssertionError: expected 'BadResource' to equal 'NotFound'

Expected: "NotFound"
Received: "BadResource"

 ❯ assertSystemError test/FileSystemTest.ts:78:12
     76|   }
     77|   if (expected.tag !== undefined) {
     78|     assert.strictEqual(error.reason._tag, expected.tag)
       |            ^
     79|   }
     80|   return error.reason
 ❯ Array.<anonymous> test/FileSystemTest.ts:728:17
 ❯ Object.~effect/Effect/successCont ../../node_modules/effect/src/internal/effect.ts:1365:25
 ❯ Object.~effect/Effect/evaluate ../../node_modules/effect/src/internal/effect.ts:934:30
 ❯ FiberImpl.runLoop ../../node_modules/effect/src/internal/effect.ts:655:39
 ❯ FiberImpl.evaluate ../../node_modules/effect/src/internal/effect.ts:607:22
 ❯ ../../node_modules/effect/src/internal/effect.ts:5422:8
 ❯ ../../node_modules/effect/src/internal/effect.ts:5500:18
 ❯ Module.<anonymous> ../../node_modules/effect/src/internal/effect.ts:5519:4

⎯⎯⎯⎯⎯⎯⎯⎯⎯⎯⎯⎯⎯⎯⎯⎯⎯⎯⎯⎯⎯⎯⎯⎯[3/7]⎯

 FAIL  test/MemoryFileSystem.test.ts > FileSystem (memory) > adapter capabilities > should preserve error context when watching a missing path
AssertionError: expected 'watch' to equal 'stat'

Expected: "stat"
Received: "watch"

 ❯ assertSystemError test/FileSystemTest.ts:72:12
     70|   assert.strictEqual(error.reason.module, "FileSystem")
     71|   if (expected.method !== undefined) {
     72|     assert.strictEqual(error.reason.method, expected.method)
       |            ^
     73|   }
     74|   if (expected.pathOrDescriptor !== undefined) {
 ❯ Array.<anonymous> test/FileSystemTest.ts:1240:11
 ❯ Object.~effect/Effect/successCont ../../node_modules/effect/src/internal/effect.ts:1365:25
 ❯ Object.~effect/Effect/evaluate ../../node_modules/effect/src/internal/core.ts:514:30
 ❯ FiberImpl.runLoop ../../node_modules/effect/src/internal/effect.ts:655:39
 ❯ FiberImpl.evaluate ../../node_modules/effect/src/internal/effect.ts:607:22
 ❯ ../../node_modules/effect/src/internal/effect.ts:5422:8
 ❯ ../../node_modules/effect/src/internal/effect.ts:5500:18
 ❯ Module.<anonymous> ../../node_modules/effect/src/internal/effect.ts:5519:4

⎯⎯⎯⎯⎯⎯⎯⎯⎯⎯⎯⎯⎯⎯⎯⎯⎯⎯⎯⎯⎯⎯⎯⎯[4/7]⎯

 FAIL  test/MemoryFileSystem.test.ts > FileSystem (memory-specific) > should publish directory creation when recursive mkdir ends in .
 FAIL  test/MemoryFileSystem.test.ts > FileSystem (memory-specific) > should publish directory creation when recursive mkdir ends in ..
AssertionError: expected [ { _tag: 'Create', …(1) } ] to deeply equal [ { _tag: 'Create', path: '/new' } ]

- Expected
+ Received

  [
    {
      "_tag": "Create",
-     "path": "/new",
+     "path": "/sentinel",
    },
  ]

 ❯ Array.<anonymous> test/MemoryFileSystem.test.ts:287:16
    285|
    286|         assert.isTrue(yield* fs.exists("/new"))
    287|         assert.deepStrictEqual(events, [{ _tag: "Create", path: "/new"…
       |                ^
    288|       }))
    289|   }
 ❯ Object.~effect/Effect/successCont ../../node_modules/effect/src/internal/effect.ts:1365:25
 ❯ Object.~effect/Effect/evaluate ../../node_modules/effect/src/internal/core.ts:514:30
 ❯ FiberImpl.runLoop ../../node_modules/effect/src/internal/effect.ts:655:39
 ❯ FiberImpl.evaluate ../../node_modules/effect/src/internal/effect.ts:607:22
 ❯ ../../node_modules/effect/src/internal/effect.ts:5422:8
 ❯ ../../node_modules/effect/src/internal/effect.ts:5500:18
 ❯ Module.<anonymous> ../../node_modules/effect/src/internal/effect.ts:5519:4

⎯⎯⎯⎯⎯⎯⎯⎯⎯⎯⎯⎯⎯⎯⎯⎯⎯⎯⎯⎯⎯⎯⎯⎯[5/7]⎯

 FAIL  test/MemoryFileSystem.test.ts > FileSystem (memory-specific) > should publish committed normalized events for memory mutations
Error: Test timed out in 5000ms.
If this is a long-running test, pass a timeout value as the last argument or configure it globally with "testTimeout".
 ❯ Array.<anonymous> test/MemoryFileSystem.test.ts:291:6
    289|   }
    290|
    291|   it.effect("should publish committed normalized events for memory mut…
       |      ^
    292|     Effect.gen(function*() {
    293|       const fs = yield* FileSystem.FileSystem

⎯⎯⎯⎯⎯⎯⎯⎯⎯⎯⎯⎯⎯⎯⎯⎯⎯⎯⎯⎯⎯⎯⎯⎯[6/7]⎯


 Test Files  1 failed (1)
      Tests  7 failed | 82 passed (89)
   Start at  01:10:09
   Duration  5.92s (transform 61ms, setup 0ms, import 153ms, tests 5.71s, environment 0ms)

error: script "test" exited with code 1
