$ turbo run build
 WARNING  An issue occurred while attempting to parse /private/tmp/effect-vfs-baseline-workspace/bun.lock. Turborepo will still function, but some features may not be available:
   x Could not resolve workspace.
  `-> Lockfile not found at /private/tmp/effect-vfs-baseline-workspace/
      bun.lock


   • Packages in scope: @effect-vfs/core, @effect-vfs/memory, @repo/config-typescript, @repo/scratchpad
   • Running build in 4 packages
   • Remote caching disabled

@effect-vfs/memory:build: cache miss, executing a1cf0c25c65c74cd
@effect-vfs/core:build: cache miss, executing 6b0f02d6fee0df29
@effect-vfs/core:build: $ tsc --project tsconfig.build.json
@effect-vfs/memory:build: $ tsup && tsc --project tsconfig.build.json && tsc --project compatibility/node-next/tsconfig.json && bun build compatibility/browser/index.ts --target=browser --outdir=.cache/browser
@effect-vfs/memory:build: /bin/bash: tsup: command not found
@effect-vfs/memory:build: error: script "build" exited with code 127
@effect-vfs/memory#build:  ERROR  command (/private/tmp/effect-vfs-baseline-workspace/packages/memory) /private/tmp/effect-vfs-baseline-tools/bin/bun run build exited (127)

 Tasks:    0 successful, 2 total
Cached:    0 cached, 2 total
  Time:    127ms 
Failed:    @effect-vfs/memory#build

 ERROR  run failed: command  exited (127)
error: script "build" exited with code 127
