$ vitest run test/AdapterCompatibility.test.ts

 RUN  v4.1.11 /Users/lloyd/Documents/GitHub/effect-virtual-fs/packages/memory

stdout | test/AdapterCompatibility.test.ts > memory adapter compatibility > rejects recursive removal of / before changing the tree
[07:45:31.060] ERROR (#1): Error [AssertionError]: expected [] to deeply equal [ 'alias', 'directory', …(2) ]
    at Array.<anonymous> (/Users/lloyd/Documents/GitHub/effect-virtual-fs/packages/memory/test/AdapterCompatibility.test.ts:16:16) {
  actual: [],
  expected: [ 'alias', 'directory', 'directory/sentinel', 'tmp' ],
  showDiff: true,
  operator: 'deepStrictEqual',
  [cause]: undefined
}

stdout | test/AdapterCompatibility.test.ts > memory adapter compatibility > rejects recursive removal of // before changing the tree
[07:45:31.065] ERROR (#7): Error [AssertionError]: expected [] to deeply equal [ 'alias', 'directory', …(2) ]
    at Array.<anonymous> (/Users/lloyd/Documents/GitHub/effect-virtual-fs/packages/memory/test/AdapterCompatibility.test.ts:16:16) {
  actual: [],
  expected: [ 'alias', 'directory', 'directory/sentinel', 'tmp' ],
  showDiff: true,
  operator: 'deepStrictEqual',
  [cause]: undefined
}

stdout | test/AdapterCompatibility.test.ts > memory adapter compatibility > rejects recursive removal of . before changing the tree
[07:45:31.066] ERROR (#13): Error [AssertionError]: expected [] to deeply equal [ 'alias', 'directory', …(2) ]
    at Array.<anonymous> (/Users/lloyd/Documents/GitHub/effect-virtual-fs/packages/memory/test/AdapterCompatibility.test.ts:16:16) {
  actual: [],
  expected: [ 'alias', 'directory', 'directory/sentinel', 'tmp' ],
  showDiff: true,
  operator: 'deepStrictEqual',
  [cause]: undefined
}

stdout | test/AdapterCompatibility.test.ts > memory adapter compatibility > rejects recursive removal of /directory/.. before changing the tree
[07:45:31.068] ERROR (#19): Error [AssertionError]: expected [] to deeply equal [ 'alias', 'directory', …(2) ]
    at Array.<anonymous> (/Users/lloyd/Documents/GitHub/effect-virtual-fs/packages/memory/test/AdapterCompatibility.test.ts:16:16) {
  actual: [],
  expected: [ 'alias', 'directory', 'directory/sentinel', 'tmp' ],
  showDiff: true,
  operator: 'deepStrictEqual',
  [cause]: undefined
}

stdout | test/AdapterCompatibility.test.ts > memory adapter compatibility > rejects recursive removal of /alias/../ before changing the tree
[07:45:31.070] ERROR (#25): Error [AssertionError]: expected [] to deeply equal [ 'alias', 'directory', …(2) ]
    at Array.<anonymous> (/Users/lloyd/Documents/GitHub/effect-virtual-fs/packages/memory/test/AdapterCompatibility.test.ts:16:16) {
  actual: [],
  expected: [ 'alias', 'directory', 'directory/sentinel', 'tmp' ],
  showDiff: true,
  operator: 'deepStrictEqual',
  [cause]: undefined
}

stdout | test/AdapterCompatibility.test.ts > memory adapter compatibility > replaces destination symlinks during file copy without writing their targets
[07:45:31.072] ERROR (#31): Error [AssertionError]: expected 'copied' to equal 'untouched'
    at Array.<anonymous> (/Users/lloyd/Documents/GitHub/effect-virtual-fs/packages/memory/test/AdapterCompatibility.test.ts:33:16) {
  actual: 'copied',
  expected: 'untouched',
  showDiff: true,
  operator: 'strictEqual',
  [cause]: undefined
}

stdout | test/AdapterCompatibility.test.ts > memory adapter compatibility > replaces destination symlinks during directory copy without writing their targets
[07:45:31.073] ERROR (#37): Error [AssertionError]: expected 'copied' to equal 'untouched'
    at Array.<anonymous> (/Users/lloyd/Documents/GitHub/effect-virtual-fs/packages/memory/test/AdapterCompatibility.test.ts:33:16) {
  actual: 'copied',
  expected: 'untouched',
  showDiff: true,
  operator: 'strictEqual',
  [cause]: undefined
}

stdout | test/AdapterCompatibility.test.ts > memory adapter compatibility > reuses the replaced symlink's capacity without staging a temporary entry
[07:45:31.077] ERROR (#50): Error [PlatformError]: BadResource: FileSystem.copy (/source): NoSpace
    at systemError (file:///Users/lloyd/Documents/GitHub/effect-virtual-fs/node_modules/effect/dist/PlatformError.js:144:39)
    at translate (/Users/lloyd/Documents/GitHub/effect-virtual-fs/packages/memory/src/internal/memoryFileSystem.ts:32:10)
    at /Users/lloyd/Documents/GitHub/effect-virtual-fs/packages/memory/src/internal/memoryFileSystem.ts:41:42
    at file:///Users/lloyd/Documents/GitHub/effect-virtual-fs/node_modules/effect/dist/internal/effect.js:1380:96
    at ~effect/Utils/internal (file:///Users/lloyd/Documents/GitHub/effect-virtual-fs/node_modules/effect/dist/Utils.js:79:14)
    at MemoryFileSystem.copy (/Users/lloyd/Documents/GitHub/effect-virtual-fs/packages/memory/test/AdapterCompatibility.test.ts:72:17)
    at MemoryFileSystem.copy (definition) (/Users/lloyd/Documents/GitHub/effect-virtual-fs/packages/memory/src/internal/memoryFileSystem.ts:261:54) {
  reason: {
    module: 'FileSystem',
    method: 'copy',
    pathOrDescriptor: '/source',
    _tag: 'BadResource',
    description: 'NoSpace'
  },
  _tag: 'PlatformError',
  '~effect/platform/PlatformError': '~effect/platform/PlatformError',
  [cause]: undefined
}

stdout | test/AdapterCompatibility.test.ts > memory adapter compatibility > copies the source mode while preserving an existing copyFile destination and its aliases
[07:45:31.078] ERROR (#57): Error [AssertionError]: expected 511 to equal 384
    at Array.<anonymous> (/Users/lloyd/Documents/GitHub/effect-virtual-fs/packages/memory/test/AdapterCompatibility.test.ts:91:14) {
  actual: 511,
  expected: 384,
  showDiff: true,
  operator: 'strictEqual',
  [cause]: undefined
}

stdout | test/AdapterCompatibility.test.ts > memory adapter compatibility > treats copyFile to itself or a hard-link alias as a no-op
[07:45:31.080] ERROR (#63): Error [PlatformError]: FileSystem.copyFile: InvalidArgument
    at badArgument (file:///Users/lloyd/Documents/GitHub/effect-virtual-fs/node_modules/effect/dist/PlatformError.js:156:39)
    at argumentError (/Users/lloyd/Documents/GitHub/effect-virtual-fs/packages/memory/src/internal/memoryFileSystem.ts:13:3)
    at translate (/Users/lloyd/Documents/GitHub/effect-virtual-fs/packages/memory/src/internal/memoryFileSystem.ts:23:48)
    at /Users/lloyd/Documents/GitHub/effect-virtual-fs/packages/memory/src/internal/memoryFileSystem.ts:41:42
    at file:///Users/lloyd/Documents/GitHub/effect-virtual-fs/node_modules/effect/dist/internal/effect.js:1380:96
    at ~effect/Utils/internal (file:///Users/lloyd/Documents/GitHub/effect-virtual-fs/node_modules/effect/dist/Utils.js:79:14)
    at MemoryFileSystem.copyFile (/Users/lloyd/Documents/GitHub/effect-virtual-fs/packages/memory/test/AdapterCompatibility.test.ts:108:17)
    at MemoryFileSystem.copyFile (definition) (/Users/lloyd/Documents/GitHub/effect-virtual-fs/packages/memory/src/internal/memoryFileSystem.ts:388:62) {
  reason: {
    module: 'FileSystem',
    method: 'copyFile',
    description: 'InvalidArgument',
    _tag: 'BadArgument'
  },
  _tag: 'PlatformError',
  '~effect/platform/PlatformError': '~effect/platform/PlatformError',
  [cause]: undefined
}

 ❯ test/AdapterCompatibility.test.ts (11 tests | 10 failed) 31ms
     × rejects recursive removal of / before changing the tree 13ms
     × rejects recursive removal of // before changing the tree 2ms
     × rejects recursive removal of . before changing the tree 2ms
     × rejects recursive removal of /directory/.. before changing the tree 2ms
     × rejects recursive removal of /alias/../ before changing the tree 2ms
     × replaces destination symlinks during file copy without writing their targets 2ms
     × replaces destination symlinks during directory copy without writing their targets 1ms
     × reuses the replaced symlink's capacity without staging a temporary entry 2ms
     × copies the source mode while preserving an existing copyFile destination and its aliases 2ms
     × treats copyFile to itself or a hard-link alias as a no-op 1ms

⎯⎯⎯⎯⎯⎯ Failed Tests 10 ⎯⎯⎯⎯⎯⎯⎯

 FAIL  test/AdapterCompatibility.test.ts > memory adapter compatibility > rejects recursive removal of / before changing the tree
 FAIL  test/AdapterCompatibility.test.ts > memory adapter compatibility > rejects recursive removal of // before changing the tree
 FAIL  test/AdapterCompatibility.test.ts > memory adapter compatibility > rejects recursive removal of . before changing the tree
 FAIL  test/AdapterCompatibility.test.ts > memory adapter compatibility > rejects recursive removal of /directory/.. before changing the tree
 FAIL  test/AdapterCompatibility.test.ts > memory adapter compatibility > rejects recursive removal of /alias/../ before changing the tree
AssertionError: expected [] to deeply equal [ 'alias', 'directory', …(2) ]

- Expected
+ Received

- [
-   "alias",
-   "directory",
-   "directory/sentinel",
-   "tmp",
- ]
+ []

 ❯ Array.<anonymous> test/AdapterCompatibility.test.ts:16:16
     14|         const before = yield* fs.readDirectory("/", { recursive: true …
     15|         const error = yield* Effect.flip(fs.remove(root, { recursive: …
     16|         assert.deepStrictEqual(yield* fs.readDirectory("/", { recursiv…
       |                ^
     17|         assert.strictEqual(error.reason._tag, "BadResource")
     18|         assert.strictEqual(yield* fs.readFileString("/directory/sentin…
 ❯ Object.~effect/Effect/successCont ../../node_modules/effect/src/internal/effect.ts:1365:25
 ❯ Object.~effect/Effect/evaluate ../../node_modules/effect/src/internal/core.ts:514:30
 ❯ FiberImpl.runLoop ../../node_modules/effect/src/internal/effect.ts:655:39
 ❯ FiberImpl.evaluate ../../node_modules/effect/src/internal/effect.ts:607:22
 ❯ ../../node_modules/effect/src/internal/effect.ts:5422:8
 ❯ ../../node_modules/effect/src/internal/effect.ts:5500:18
 ❯ Module.<anonymous> ../../node_modules/effect/src/internal/effect.ts:5519:4

⎯⎯⎯⎯⎯⎯⎯⎯⎯⎯⎯⎯⎯⎯⎯⎯⎯⎯⎯⎯⎯⎯⎯[1/10]⎯

 FAIL  test/AdapterCompatibility.test.ts > memory adapter compatibility > replaces destination symlinks during file copy without writing their targets
 FAIL  test/AdapterCompatibility.test.ts > memory adapter compatibility > replaces destination symlinks during directory copy without writing their targets
AssertionError: expected 'copied' to equal 'untouched'

Expected: "untouched"
Received: "copied"

 ❯ Array.<anonymous> test/AdapterCompatibility.test.ts:33:16
     31|         if (nested) yield* fs.copy("/source", "/destination", { overwr…
     32|         else yield* fs.copy("/source/file", "/destination/file", { ove…
     33|         assert.strictEqual(yield* fs.readFileString("/external"), "unt…
       |                ^
     34|         assert.strictEqual(yield* fs.readFileString("/destination/file…
     35|         yield* Effect.flip(fs.readLink("/destination/file"))
 ❯ Object.~effect/Effect/successCont ../../node_modules/effect/src/internal/effect.ts:1365:25
 ❯ Object.~effect/Effect/evaluate ../../node_modules/effect/src/internal/core.ts:514:30
 ❯ FiberImpl.runLoop ../../node_modules/effect/src/internal/effect.ts:655:39
 ❯ FiberImpl.evaluate ../../node_modules/effect/src/internal/effect.ts:607:22
 ❯ ../../node_modules/effect/src/internal/effect.ts:5422:8
 ❯ ../../node_modules/effect/src/internal/effect.ts:5500:18
 ❯ Module.<anonymous> ../../node_modules/effect/src/internal/effect.ts:5519:4

⎯⎯⎯⎯⎯⎯⎯⎯⎯⎯⎯⎯⎯⎯⎯⎯⎯⎯⎯⎯⎯⎯⎯[2/10]⎯

 FAIL  test/AdapterCompatibility.test.ts > memory adapter compatibility > reuses the replaced symlink's capacity without staging a temporary entry
PlatformError: BadResource: FileSystem.copy (/source): NoSpace
 ❯ systemError ../../node_modules/effect/src/PlatformError.ts:203:21
 ❯ translate src/internal/memoryFileSystem.ts:32:10
     30|     PathTooLong: "InvalidData"
     31|   }
     32|   return systemError({
       |          ^
     33|     module: "FileSystem",
     34|     method,
 ❯ src/internal/memoryFileSystem.ts:41:42
 ❯ ../../node_modules/effect/src/internal/effect.ts:3267:72
 ❯ ~effect/Utils/internal ../../node_modules/effect/src/Utils.ts:208:13
 ❯ Object.~effect/Effect/args ../../node_modules/effect/src/internal/effect.ts:1021:94
 ❯ Object.~effect/Effect/evaluate ../../node_modules/effect/src/internal/effect.ts:944:21
 ❯ FiberImpl.runLoop ../../node_modules/effect/src/internal/effect.ts:655:39
 ❯ FiberImpl.evaluate ../../node_modules/effect/src/internal/effect.ts:607:22
 ❯ ../../node_modules/effect/src/internal/effect.ts:5422:8

⎯⎯⎯⎯⎯⎯⎯⎯⎯⎯⎯⎯⎯⎯⎯⎯⎯⎯⎯⎯⎯⎯⎯[3/10]⎯

 FAIL  test/AdapterCompatibility.test.ts > memory adapter compatibility > copies the source mode while preserving an existing copyFile destination and its aliases
AssertionError: expected 511 to equal 384

- Expected
+ Received

- 384
+ 511

 ❯ Array.<anonymous> test/AdapterCompatibility.test.ts:91:14
     89|       yield* fs.copyFile("/source", "/destination")
     90|       const after = yield* fs.stat("/destination")
     91|       assert.strictEqual(after.mode & 0o7777, 0o600)
       |              ^
     92|       assert.deepStrictEqual(after.ino, before.ino)
     93|       assert.strictEqual((yield* fs.stat("/alias")).mode & 0o7777, 0o6…
 ❯ Object.~effect/Effect/successCont ../../node_modules/effect/src/internal/effect.ts:1365:25
 ❯ Object.~effect/Effect/evaluate ../../node_modules/effect/src/internal/core.ts:514:30
 ❯ FiberImpl.runLoop ../../node_modules/effect/src/internal/effect.ts:655:39
 ❯ FiberImpl.evaluate ../../node_modules/effect/src/internal/effect.ts:607:22
 ❯ ../../node_modules/effect/src/internal/effect.ts:5422:8
 ❯ ../../node_modules/effect/src/internal/effect.ts:5500:18
 ❯ Module.<anonymous> ../../node_modules/effect/src/internal/effect.ts:5519:4

⎯⎯⎯⎯⎯⎯⎯⎯⎯⎯⎯⎯⎯⎯⎯⎯⎯⎯⎯⎯⎯⎯⎯[4/10]⎯

 FAIL  test/AdapterCompatibility.test.ts > memory adapter compatibility > treats copyFile to itself or a hard-link alias as a no-op
PlatformError: FileSystem.copyFile: InvalidArgument
 ❯ badArgument ../../node_modules/effect/src/PlatformError.ts:221:21
 ❯ argumentError src/internal/memoryFileSystem.ts:13:3
     11|
     12| const argumentError = (method: string, description: string) =>
     13|   badArgument({ module: "FileSystem", method, description })
       |   ^
     14| const resourceError = (method: string, pathOrDescriptor: string | numb…
     15|   systemError({
 ❯ translate src/internal/memoryFileSystem.ts:23:48
 ❯ src/internal/memoryFileSystem.ts:41:42
 ❯ ../../node_modules/effect/src/internal/effect.ts:3267:72
 ❯ ~effect/Utils/internal ../../node_modules/effect/src/Utils.ts:208:13
 ❯ Object.~effect/Effect/args ../../node_modules/effect/src/internal/effect.ts:1021:94
 ❯ Object.~effect/Effect/evaluate ../../node_modules/effect/src/internal/effect.ts:944:21
 ❯ FiberImpl.runLoop ../../node_modules/effect/src/internal/effect.ts:655:39
 ❯ FiberImpl.evaluate ../../node_modules/effect/src/internal/effect.ts:607:22

⎯⎯⎯⎯⎯⎯⎯⎯⎯⎯⎯⎯⎯⎯⎯⎯⎯⎯⎯⎯⎯⎯⎯[5/10]⎯


 Test Files  1 failed (1)
      Tests  10 failed | 1 passed (11)
   Start at  07:45:30
   Duration  278ms (transform 49ms, setup 0ms, import 142ms, tests 31ms, environment 0ms)

error: script "test" exited with code 1
