$ vitest run test/Metadata.test.ts

 RUN  v4.1.11 /Users/lloyd/Documents/GitHub/effect-virtual-fs/packages/core

stdout | test/Metadata.test.ts > metadata authority > rejects timestamps outside the snapshot domain before changing path or handle metadata
[07:44:33.100] ERROR (#1): Error [AssertionError]: out-of-domain timestamp must fail: expected false to be true
    at Array.<anonymous> (/Users/lloyd/Documents/GitHub/effect-virtual-fs/packages/core/test/Metadata.test.ts:15:16) {
  actual: false,
  expected: true,
  showDiff: true,
  operator: 'strictEqual',
  [cause]: undefined
}

stdout | test/Metadata.test.ts > metadata authority > rejects unsupported captured clock samples before creation or mutation
[07:44:33.106] ERROR (#13): Error [AssertionError]: out-of-domain Clock must fail construction: expected false to be true
    at Array.<anonymous> (/Users/lloyd/Documents/GitHub/effect-virtual-fs/packages/core/test/Metadata.test.ts:60:14) {
  actual: false,
  expected: true,
  showDiff: true,
  operator: 'strictEqual',
  [cause]: undefined
}

 ❯ test/Metadata.test.ts (8 tests | 2 failed) 20ms
     × rejects timestamps outside the snapshot domain before changing path or handle metadata 9ms
     × rejects unsupported captured clock samples before creation or mutation 1ms

⎯⎯⎯⎯⎯⎯⎯ Failed Tests 2 ⎯⎯⎯⎯⎯⎯⎯

 FAIL  test/Metadata.test.ts > metadata authority > rejects timestamps outside the snapshot domain before changing path or handle metadata
AssertionError: out-of-domain timestamp must fail: expected false to be true

- Expected
+ Received

- true
+ false

 ❯ Array.<anonymous> test/Metadata.test.ts:15:16
     13|         const times = { access: { kind: "value", nanoseconds }, modifi…
     14|         const result = yield* Effect.result(fs.utimes("/f", times))
     15|         assert.isTrue(Result.isFailure(result), "out-of-domain timesta…
       |                ^
     16|         if (Result.isFailure(result)) assert.strictEqual(result.failur…
     17|         assert.deepStrictEqual(yield* handle.stat(), before)
 ❯ Object.~effect/Effect/successCont ../../node_modules/effect/src/internal/effect.ts:1365:25
 ❯ Object.~effect/Effect/evaluate ../../node_modules/effect/src/internal/effect.ts:934:30
 ❯ FiberImpl.runLoop ../../node_modules/effect/src/internal/effect.ts:655:39
 ❯ FiberImpl.evaluate ../../node_modules/effect/src/internal/effect.ts:607:22
 ❯ ../../node_modules/effect/src/internal/effect.ts:5422:8
 ❯ ../../node_modules/effect/src/internal/effect.ts:5500:18
 ❯ Module.<anonymous> ../../node_modules/effect/src/internal/effect.ts:5519:4

⎯⎯⎯⎯⎯⎯⎯⎯⎯⎯⎯⎯⎯⎯⎯⎯⎯⎯⎯⎯⎯⎯⎯⎯[1/2]⎯

 FAIL  test/Metadata.test.ts > metadata authority > rejects unsupported captured clock samples before creation or mutation
AssertionError: out-of-domain Clock must fail construction: expected false to be true

- Expected
+ Received

- true
+ false

 ❯ Array.<anonymous> test/Metadata.test.ts:60:14
     58|       const clock: Clock.Clock = { ...original, currentTimeNanosUnsafe…
     59|       const result = yield* Effect.result(Vfs.make().pipe(Effect.provi…
     60|       assert.isTrue(Result.isFailure(result), "out-of-domain Clock mus…
       |              ^
     61|       if (Result.isFailure(result)) assert.strictEqual(result.failure.…
     62|       now = 0n
 ❯ Object.~effect/Effect/successCont ../../node_modules/effect/src/internal/effect.ts:1365:25
 ❯ Object.~effect/Effect/evaluate ../../node_modules/effect/src/internal/effect.ts:934:30
 ❯ FiberImpl.runLoop ../../node_modules/effect/src/internal/effect.ts:655:39
 ❯ FiberImpl.evaluate ../../node_modules/effect/src/internal/effect.ts:607:22
 ❯ ../../node_modules/effect/src/internal/effect.ts:5422:8
 ❯ ../../node_modules/effect/src/internal/effect.ts:5500:18
 ❯ Module.<anonymous> ../../node_modules/effect/src/internal/effect.ts:5519:4

⎯⎯⎯⎯⎯⎯⎯⎯⎯⎯⎯⎯⎯⎯⎯⎯⎯⎯⎯⎯⎯⎯⎯⎯[2/2]⎯


 Test Files  1 failed (1)
      Tests  2 failed | 6 passed (8)
   Start at  07:44:32
   Duration  228ms (transform 42ms, setup 0ms, import 133ms, tests 20ms, environment 0ms)

error: script "test" exited with code 1
