$ vitest run test/Links.test.ts

 RUN  v4.1.11 /Users/lloyd/Documents/GitHub/effect-virtual-fs/packages/core

stdout | test/Links.test.ts > links and byte namespace > stores raw symlink targets and validates path limits only when traversing
[00:50:24.170] ERROR (#25): Error [FsError]: 
    at failure (/Users/lloyd/Documents/GitHub/effect-virtual-fs/packages/core/src/VirtualFileSystem.ts:180:3)
    at preparePath (/Users/lloyd/Documents/GitHub/effect-virtual-fs/packages/core/src/VirtualFileSystem.ts:297:24)
    at Object.<anonymous> (/Users/lloyd/Documents/GitHub/effect-virtual-fs/packages/core/src/VirtualFileSystem.ts:722:28)
    at Caller.symlink (/Users/lloyd/Documents/GitHub/effect-virtual-fs/packages/core/test/Links.test.ts:85:17)
    at Caller.symlink (definition) (/Users/lloyd/Documents/GitHub/effect-virtual-fs/packages/core/src/VirtualFileSystem.ts:720:23) {
  code: 'PathTooLong',
  operation: 'symlink',
  path: 'xxxxxxxxxxxxxxxxxxxxxxxxxxxxxxxxxxxxxxxxxxxxxxxxxxxxxxxxxxxxxxxxxxxxxxxxxxxxxxxxxxxxxxxxxxxxxxxxxxxxxxxxxxxxxxxxxxxxxxxxxxxxxxxxxxxxxxxxxxxxxxxxxxxxxxxxxxxxxxxxxxxxxxxxxxxxxxxxxxxxxxxxxxxxxxxxxxxxxxxxxxxxxxxxxxxxxxxxxxxxxxxxxxxxxxxxxxxxxxxxxxxxxxxxxxxxxxxxxxxxxxxxxxxxxxxxxxxxxxxxxxxxxxxxxxxxxxxxxxxx',
  _tag: 'FsError',
  [cause]: undefined
}

 ❯ test/Links.test.ts (6 tests | 1 failed) 13ms
     × stores raw symlink targets and validates path limits only when traversing 3ms

⎯⎯⎯⎯⎯⎯⎯ Failed Tests 1 ⎯⎯⎯⎯⎯⎯⎯

 FAIL  test/Links.test.ts > links and byte namespace > stores raw symlink targets and validates path limits only when traversing
{
  code: 'PathTooLong',
  operation: 'symlink',
  path: 'xxxxxxxxxxxxxxxxxxxxxxxxxxxxxxxxxxxxxxxxxxxxxxxxxxxxxxxxxxxxxxxxxxxxxxxxxxxxxxxxxxxxxxxxxxxxxxxxxxxxxxxxxxxxxxxxxxxxxxxxxxxxxxxxxxxxxxxxxxxxxxxxxxxxxxxxxxxxxxxxxxxxxxxxxxxxxxxxxxxxxxxxxxxxxxxxxxxxxxxxxxxxxxxxxxxxxxxxxxxxxxxxxxxxxxxxxxxxxxxxxxxxxxxxxxxxxxxxxxxxxxxxxxxxxxxxxxxxxxxxxxxxxxxxxxxxxxxxxxxx',
  _tag: 'FsError',
  message: '',
  stack: 'FsError: \n' +
    '    at failure (/Users/lloyd/Documents/GitHub/effect-virtual-fs/packages/core/src/VirtualFileSystem.ts:180:3)\n' +
    '    at preparePath (/Users/lloyd/Documents/GitHub/effect-virtual-fs/packages/core/src/VirtualFileSystem.ts:297:24)\n' +
    '    at Object.<anonymous> (/Users/lloyd/Documents/GitHub/effect-virtual-fs/packages/core/src/VirtualFileSystem.ts:722:28)\n' +
    '    at Generator.next (<anonymous>)\n' +
    '    at Object.~effect/Effect/successCont (file:///Users/lloyd/Documents/GitHub/effect-virtual-fs/node_modules/effect/dist/internal/effect.js:928:26)\n' +
    '    at Object.~effect/Effect/evaluate (file:///Users/lloyd/Documents/GitHub/effect-virtual-fs/node_modules/effect/dist/internal/effect.js:940:23)\n' +
    '    at FiberImpl.runLoop (file:///Users/lloyd/Documents/GitHub/effect-virtual-fs/node_modules/effect/dist/internal/effect.js:462:107)\n' +
    '    at FiberImpl.evaluate (file:///Users/lloyd/Documents/GitHub/effect-virtual-fs/node_modules/effect/dist/internal/effect.js:422:23)\n' +
    '    at file:///Users/lloyd/Documents/GitHub/effect-virtual-fs/node_modules/effect/dist/internal/effect.js:2286:9\n' +
    '    at file:///Users/lloyd/Documents/GitHub/effect-virtual-fs/node_modules/effect/dist/internal/effect.js:2338:19',
  name: 'FsError',
  stacks: [
    {
      method: 'failure',
      file: '/Users/lloyd/Documents/GitHub/effect-virtual-fs/packages/core/src/VirtualFileSystem.ts',
      line: 180,
      column: 3
    },
    {
      method: 'preparePath',
      file: '/Users/lloyd/Documents/GitHub/effect-virtual-fs/packages/core/src/VirtualFileSystem.ts',
      line: 297,
      column: 24
    },
    {
      method: 'Object.<anonymous>',
      file: '/Users/lloyd/Documents/GitHub/effect-virtual-fs/packages/core/src/VirtualFileSystem.ts',
      line: 722,
      column: 28
    },
    {
      line: 1365,
      column: 25,
      file: '/Users/lloyd/Documents/GitHub/effect-virtual-fs/node_modules/effect/src/internal/effect.ts',
      method: 'Object.~effect/Effect/successCont'
    },
    {
      line: 1377,
      column: 23,
      file: '/Users/lloyd/Documents/GitHub/effect-virtual-fs/node_modules/effect/src/internal/effect.ts',
      method: 'Object.~effect/Effect/evaluate'
    },
    {
      line: 655,
      column: 39,
      file: '/Users/lloyd/Documents/GitHub/effect-virtual-fs/node_modules/effect/src/internal/effect.ts',
      method: 'FiberImpl.runLoop'
    },
    {
      line: 607,
      column: 22,
      file: '/Users/lloyd/Documents/GitHub/effect-virtual-fs/node_modules/effect/src/internal/effect.ts',
      method: 'FiberImpl.evaluate'
    },
    {
      line: 5422,
      column: 8,
      file: '/Users/lloyd/Documents/GitHub/effect-virtual-fs/node_modules/effect/src/internal/effect.ts',
      method: ''
    },
    {
      line: 5500,
      column: 18,
      file: '/Users/lloyd/Documents/GitHub/effect-virtual-fs/node_modules/effect/src/internal/effect.ts',
      method: ''
    }
  ]
}
 ❯ failure src/VirtualFileSystem.ts:180:3
    178| const bytePaths = new WeakMap<BytePath, Uint8Array>()
    179| const failure = (code: FsCode, operation: string, path?: PathInput) =>
    180|   new FsError({ code, operation, ...(path === undefined ? {} : { path …
       |   ^
    181|
    182| const ownedPath = (bytes: Uint8Array): BytePath => {
 ❯ preparePath src/VirtualFileSystem.ts:297:24
 ❯ Object.<anonymous> src/VirtualFileSystem.ts:722:28
 ❯ Object.~effect/Effect/successCont ../../node_modules/effect/src/internal/effect.ts:1365:25
 ❯ Object.~effect/Effect/evaluate ../../node_modules/effect/src/internal/effect.ts:1377:23
 ❯ FiberImpl.runLoop ../../node_modules/effect/src/internal/effect.ts:655:39
 ❯ FiberImpl.evaluate ../../node_modules/effect/src/internal/effect.ts:607:22
 ❯ ../../node_modules/effect/src/internal/effect.ts:5422:8
 ❯ ../../node_modules/effect/src/internal/effect.ts:5500:18

⎯⎯⎯⎯⎯⎯⎯⎯⎯⎯⎯⎯⎯⎯⎯⎯⎯⎯⎯⎯⎯⎯⎯⎯[1/1]⎯


 Test Files  1 failed (1)
      Tests  1 failed | 5 passed (6)
   Start at  00:50:24
   Duration  178ms (transform 27ms, setup 0ms, import 102ms, tests 13ms, environment 0ms)

error: script "test" exited with code 1
